================================================ 
  ZPUI Build Log  v1.5.5                     
  30.07.2026 23:35:32,47                                   
================================================ 
 
Versions: ZPUI=1.5.5 selfupdate=3.1.1 report=1.0.0 security=1.0.0 
 
[1/10] Cleaning old builds... 
Done. 
[2/10] Frontend 

> zpui-web@1.0.0 build
> vite build

[36mvite v6.4.3 [32mbuilding for production...[36m[39m
transforming...
[32m✓[39m 1820 modules transformed.
rendering chunks...
computing gzip size...
[2mdist/[22m[32mindex.html                 [39m[1m[2m  0.56 kB[22m[1m[22m[2m │ gzip:   0.37 kB[22m
[2mdist/[22m[35massets/index-Dzx0TksD.css  [39m[1m[2m131.69 kB[22m[1m[22m[2m │ gzip:  20.60 kB[22m
[2mdist/[22m[36massets/index-dCsmJiUL.js   [39m[1m[2m379.69 kB[22m[1m[22m[2m │ gzip: 110.49 kB[22m
[32m✓ built in 3.38s[39m
Web build OK 

> selfupdate-frontend@3.0.0 build
> vite build

[36mvite v6.4.3 [32mbuilding for production...[36m[39m
transforming...
[32m✓[39m 27 modules transformed.
rendering chunks...
computing gzip size...
[2mdist/[22m[32mindex.html                 [39m[1m[2m  0.47 kB[22m[1m[22m[2m │ gzip:  0.35 kB[22m
[2mdist/[22m[35massets/index-Bk_SjnH3.css  [39m[1m[2m  7.03 kB[22m[1m[22m[2m │ gzip:  2.05 kB[22m
[2mdist/[22m[36massets/index-DgJjX65_.js   [39m[1m[2m153.51 kB[22m[1m[22m[2m │ gzip: 49.48 kB[22m
[32m✓ built in 785ms[39m
Selfupdate frontend build OK 
[3/10] Version resources 
[4/10] ZPUI core 
ZPUI.exe built 
[5/10] Module tools 
  [OK] selfupdate.exe v3.1.1 
  [OK] report.exe v1.0.0 
  [OK] security.exe v1.0.0 
  [OK] component version.txt files generated 
  [OK] component checksums generated 
[6/10] versions.json 
[7/10] checksums.sha256 
[8/10] Zapret + mods + config 
[9/10] Zapret checksums 
  [OK] zapret checksums generated 
[10/10] NSIS installer 
Command line defined: "VERSION=1.5.5"
Command line defined: "VERSION_NUM=1.5.5.0"
Command line defined: "DIST=C:\Users\Suzuc\Downloads\ZPUI-1.5.4.7\ZPUI-1.5.5\dist\1.5.5"
Command line defined: "ICON=C:\Users\Suzuc\Downloads\ZPUI-1.5.4.7\ZPUI-1.5.5\build\windows\icon.ico"
Command line defined: "OUTDIR=C:\Users\Suzuc\Downloads\ZPUI-1.5.4.7\ZPUI-1.5.5\build"
Command line defined: "LICENSE=C:\Users\Suzuc\Downloads\ZPUI-1.5.4.7\ZPUI-1.5.5\LICENSE"
Command line defined: "ARCH=win32"
Command line defined: "ZAPRET_OK"
Processing config: C:\Program Files (x86)\NSIS\nsisconf.nsh
Processing script file: "installer\ZPUI.nsi" (UTF8)

Processed 1 file, writing output (x86-unicode):
warning 6001: Variable "ExistingDir" not referenced or never set, wasting memory!

Output: "C:\Users\Suzuc\Downloads\ZPUI-1.5.4.7\ZPUI-1.5.5\build\ZPUI-Setup-1.5.5-win32.exe"
Install: 7 pages (448 bytes), 3 sections (1 required) (6216 bytes), 1214 instructions (33992 bytes), 483 strings (21506 bytes), 2 language tables (788 bytes).
Uninstall: 2 pages (192 bytes), 1 section (2072 bytes), 161 instructions (4508 bytes), 206 strings (6886 bytes), 2 language tables (508 bytes).
Datablock optimizer saved 26498 bytes (~0.0%).

Using lzma (compress whole) compression.

EXE header size:              410624 / 38912 bytes
Install code:                          (63462 bytes)
Install data:                          (51186115 bytes)
Uninstall code+data:                   (397500 bytes)
Compressed data:            14725444 / 51647077 bytes
CRC (0x508003A6):                  4 / 4 bytes

Total size:                 15136072 / 51685993 bytes (29.2%)

1 warning:
  6001: Variable "ExistingDir" not referenced or never set, wasting memory!
  [OK] ZPUI-Setup-1.5.5-win32.exe 
================================================ 
  Build completed: 30.07.2026 23:36:32,84                  
================================================ 
